// Jest Snapshot v1, https://goo.gl/fbAQLP

exports[`Input renders correctly 1`] = `
<fieldset
  class="sc-aXZVg jsAQMJ sc-iGgWBj dIjyVK"
>
  <input
    aria-required="false"
    class="sc-eqUAAy jvnwEb"
  />
</fieldset>
`;
