// Jest Snapshot v1, https://goo.gl/fbAQLP

exports[`Container renders Container correctly 1`] = `
<div
  class="sc-bczRLJ sc-gsnTZi jCYsfH fXsEUQ"
>
  Lorem ipsum dolor sit amet, consectetur adipiscing elit, sed do eiusmod tempor incididunt ut labore et dolore magna aliqua. 
</div>
`;
