// Jest Snapshot v1, https://goo.gl/fbAQLP

exports[`Button renders Button 1`] = `
<button
  class="sc-gsnTZi gWoXO"
  type="button"
>
  Button
</button>
`;
