// Jest Snapshot v1, https://goo.gl/fbAQLP

exports[`Chip renders Chip correctly 1`] = `
<span
  class="sc-beySbM hUNvUm"
>
  Chip filled
</span>
`;
