// Jest Snapshot v1, https://goo.gl/fbAQLP

exports[`ButtonGroup renders ButtonGroup correctly 1`] = `
<div
  class="sc-ewnqHT kvoNBg"
  orientation="horizontal"
>
  <button
    class="sc-gTRrQi iPMzLQ first"
    type="button"
  >
    Button
  </button>
  <button
    class="sc-gTRrQi iPMzLQ center"
    type="button"
  >
    Button
  </button>
  <button
    class="sc-gTRrQi iPMzLQ last"
    type="button"
  >
    Button
  </button>
</div>
`;
