// Jest Snapshot v1, https://goo.gl/fbAQLP

exports[`IconButton renders IconButton correctly 1`] = `
<button
  class="sc-aXZVg doMpLJ"
  color="#fafafa"
>
  <svg
    fill="currentColor"
    height="1em"
    stroke="currentColor"
    stroke-width="0"
    viewBox="0 0 24 24"
    width="1em"
    xmlns="http://www.w3.org/2000/svg"
  >
    <path
      d="M0 0h24v24H0V0z"
      fill="none"
    />
    <path
      d="M3 18h18v-2H3v2zm0-5h18v-2H3v2zm0-7v2h18V6H3z"
    />
  </svg>
</button>
`;
