// Jest Snapshot v1, https://goo.gl/fbAQLP

exports[`Button renders Button correctly 1`] = `
<button
  class="sc-gTRrQi iPMzLQ"
  type="button"
>
  Button
</button>
`;
