// Jest Snapshot v1, https://goo.gl/fbAQLP

exports[`Backdrop renders Backdrop correctly 1`] = `
<div
  class="sc-beySbM eAqDhr"
  color="rgba(0, 0, 0, 0.5)"
  data-testid="backdrop"
  style="opacity: 0;"
/>
`;
