// Jest Snapshot v1, https://goo.gl/fbAQLP

exports[`Box renders Box correctly 1`] = `
<div
  class="sc-beySbM iAwDfO"
>
  Lorem ipsum dolor sit amet, consectetur adipiscing elit, sed do eiusmod tempor incididunt ut labore et dolore magna aliqua. 
</div>
`;
